Apr 19 10:46:51 debian sshd[16079]: Invalid user supervisor from 118.244.151.18
Apr 19 10:46:51 debian sshd[16079]: pam_unix(sshd:auth): check pass; user unknown
Apr 19 10:46:51 debian sshd[16079]: pam_unix(sshd:auth): authentication failure; logname= uid=0 euid=0 tty=ssh ruser= rhost=118.244.151.18 
Apr 19 10:46:52 debian sshd[16079]: Failed password for invalid user supervisor from 118.244.151.18 port 1357 ssh2
Apr 19 10:46:53 debian sshd[16079]: pam_unix(sshd:auth): check pass; user unknown
Apr 19 10:46:53 debian sshd[16082]: pam_unix(sshd:auth): authentication failure; logname= uid=0 euid=0 tty=ssh ruser= rhost=221.229.166.30  user=root
Apr 19 10:46:54 debian sshd[16079]: Failed password for invalid user supervisor from 118.244.151.18 port 1357 ssh2
Apr 19 10:46:54 debian sshd[16082]: Failed password for root from 221.229.166.30 port 38546 ssh2
Apr 19 10:46:55 debian sshd[16079]: pam_unix(sshd:auth): check pass; user unknown
Apr 19 10:46:57 debian sshd[16082]: Failed password for root from 221.229.166.30 port 38546 ssh2
Apr 19 10:46:57 debian sshd[16079]: Failed password for invalid user supervisor from 118.244.151.18 port 1357 ssh2
Apr 19 10:46:58 debian sshd[16079]: pam_unix(sshd:auth): check pass; user unknown
Apr 19 10:46:59 debian sshd[16082]: Failed password for root from 221.229.166.30 port 38546 ssh2
Apr 19 10:46:59 debian sshd[16082]: PAM 2 more authentication failures; logname= uid=0 euid=0 tty=ssh ruser= rhost=221.229.166.30  user=root
Apr 19 10:47:00 debian sshd[16079]: Failed password for invalid user supervisor from 118.244.151.18 port 1357 ssh2
Apr 19 10:47:00 debian sshd[16079]: pam_unix(sshd:auth): check pass; user unknown
Apr 19 10:47:02 debian sshd[16079]: Failed password for invalid user supervisor from 118.244.151.18 port 1357 ssh2
Apr 19 10:47:03 debian sshd[16079]: PAM 4 more authentication failures; logname= uid=0 euid=0 tty=ssh ruser= rhost=118.244.151.18 
Apr 19 10:47:03 debian sshd[16079]: PAM service(sshd) ignoring max retries; 5 > 3
Apr 19 10:47:07 debian sshd[16086]: Invalid user supervisor from 118.244.151.18
Apr 19 10:47:07 debian sshd[16086]: pam_unix(sshd:auth): check pass; user unknown
Apr 19 10:47:07 debian sshd[16086]: pam_unix(sshd:auth): authentication failure; logname= uid=0 euid=0 tty=ssh ruser= rhost=118.244.151.18 
Apr 19 10:47:10 debian sshd[16086]: Failed password for invalid user supervisor from 118.244.151.18 port 3614 ssh2
Apr 19 10:47:10 debian sshd[16084]: pam_unix(sshd:auth): authentication failure; logname= uid=0 euid=0 tty=ssh ruser= rhost=221.229.166.30  user=root
Apr 19 10:47:11 debian sshd[16086]: pam_unix(sshd:auth): check pass; user unknown
Apr 19 10:47:12 debian sshd[16084]: Failed password for root from 221.229.166.30 port 54657 ssh2
Apr 19 10:47:13 debian sshd[16086]: Failed password for invalid user supervisor from 118.244.151.18 port 3614 ssh2
Apr 19 10:47:13 debian sshd[16086]: pam_unix(sshd:auth): check pass; user unknown
Apr 19 10:47:14 debian sshd[16084]: Failed password for root from 221.229.166.30 port 54657 ssh2
Apr 19 10:47:15 debian sshd[16086]: Failed password for invalid user supervisor from 118.244.151.18 port 3614 ssh2
Apr 19 10:47:15 debian sshd[16086]: pam_unix(sshd:auth): check pass; user unknown
Apr 19 10:47:16 debian sshd[16084]: Failed password for root from 221.229.166.30 port 54657 ssh2
Apr 19 10:47:17 debian sshd[16086]: Failed password for invalid user supervisor from 118.244.151.18 port 3614 ssh2
Apr 19 10:47:17 debian sshd[16084]: PAM 2 more authentication failures; logname= uid=0 euid=0 tty=ssh ruser= rhost=221.229.166.30  user=root
Apr 19 10:47:18 debian sshd[16086]: pam_unix(sshd:auth): check pass; user unknown
Apr 19 10:47:20 debian sshd[16086]: Failed password for invalid user supervisor from 118.244.151.18 port 3614 ssh2
Apr 19 10:47:20 debian sshd[16086]: PAM 4 more authentication failures; logname= uid=0 euid=0 tty=ssh ruser= rhost=118.244.151.18 
Apr 19 10:47:20 debian sshd[16086]: PAM service(sshd) ignoring max retries; 5 > 3
Apr 19 10:47:21 debian sshd[16088]: pam_unix(sshd:auth): authentication failure; logname= uid=0 euid=0 tty=ssh ruser= rhost=221.229.166.30  user=root
Apr 19 10:47:23 debian sshd[16088]: Failed password for root from 221.229.166.30 port 59867 ssh2
Apr 19 10:47:24 debian sshd[16090]: Invalid user supervisor from 118.244.151.18
Apr 19 10:47:24 debian sshd[16090]: pam_unix(sshd:auth): check pass; user unknown
Apr 19 10:47:24 debian sshd[16090]: pam_unix(sshd:auth): authentication failure; logname= uid=0 euid=0 tty=ssh ruser= rhost=118.244.151.18 
Apr 19 10:47:25 debian sshd[16088]: Failed password for root from 221.229.166.30 port 59867 ssh2
Apr 19 10:47:26 debian sshd[16090]: Failed password for invalid user supervisor from 118.244.151.18 port 2313 ssh2
Apr 19 10:47:27 debian sshd[16090]: pam_unix(sshd:auth): check pass; user unknown
Apr 19 10:47:28 debian sshd[16088]: Failed password for root from 221.229.166.30 port 59867 ssh2
Apr 19 10:47:29 debian sshd[16090]: Failed password for invalid user supervisor from 118.244.151.18 port 2313 ssh2
Apr 19 10:47:29 debian sshd[16088]: PAM 2 more authentication failures; logname= uid=0 euid=0 tty=ssh ruser= rhost=221.229.166.30  user=root
Apr 19 10:47:29 debian sshd[16090]: pam_unix(sshd:auth): check pass; user unknown
Apr 19 10:47:32 debian sshd[16090]: Failed password for invalid user supervisor from 118.244.151.18 port 2313 ssh2
Apr 19 10:47:32 debian sshd[16090]: pam_unix(sshd:auth): check pass; user unknown
Apr 19 10:47:35 debian sshd[16092]: pam_unix(sshd:auth): authentication failure; logname= uid=0 euid=0 tty=ssh ruser= rhost=221.229.166.30  user=root
Apr 19 10:47:35 debian sshd[16090]: Failed password for invalid user supervisor from 118.244.151.18 port 2313 ssh2
Apr 19 10:47:35 debian sshd[16090]: pam_unix(sshd:auth): check pass; user unknown
Apr 19 10:47:36 debian sshd[16092]: Failed password for root from 221.229.166.30 port 55508 ssh2
Apr 19 10:47:37 debian sshd[16090]: Failed password for invalid user supervisor from 118.244.151.18 port 2313 ssh2
Apr 19 10:47:38 debian sshd[16090]: PAM 4 more authentication failures; logname= uid=0 euid=0 tty=ssh ruser= rhost=118.244.151.18 
Apr 19 10:47:38 debian sshd[16090]: PAM service(sshd) ignoring max retries; 5 > 3
Apr 19 10:47:39 debian sshd[16092]: Failed password for root from 221.229.166.30 port 55508 ssh2
Apr 19 10:47:41 debian sshd[16092]: Failed password for root from 221.229.166.30 port 55508 ssh2
Apr 19 10:47:41 debian sshd[16094]: Invalid user supervisor from 118.244.151.18
Apr 19 10:47:41 debian sshd[16094]: pam_unix(sshd:auth): check pass; user unknown
Apr 19 10:47:41 debian sshd[16094]: pam_unix(sshd:auth): authentication failure; logname= uid=0 euid=0 tty=ssh ruser= rhost=118.244.151.18 
Apr 19 10:47:41 debian sshd[16092]: PAM 2 more authentication failures; logname= uid=0 euid=0 tty=ssh ruser= rhost=221.229.166.30  user=root
Apr 19 10:47:43 debian sshd[16094]: Failed password for invalid user supervisor from 118.244.151.18 port 1219 ssh2
Apr 19 10:47:44 debian sshd[16094]: pam_unix(sshd:auth): check pass; user unknown
Apr 19 10:47:45 debian sshd[16096]: pam_unix(sshd:auth): authentication failure; logname= uid=0 euid=0 tty=ssh ruser= rhost=221.229.166.30  user=root
Apr 19 10:47:47 debian sshd[16094]: Failed password for invalid user supervisor from 118.244.151.18 port 1219 ssh2
Apr 19 10:47:47 debian sshd[16096]: Failed password for root from 221.229.166.30 port 55702 ssh2
Apr 19 10:47:47 debian sshd[16094]: pam_unix(sshd:auth): check pass; user unknown
Apr 19 10:47:49 debian sshd[16096]: Failed password for root from 221.229.166.30 port 55702 ssh2
Apr 19 10:47:50 debian sshd[16094]: Failed password for invalid user supervisor from 118.244.151.18 port 1219 ssh2
Apr 19 10:47:50 debian sshd[16094]: pam_unix(sshd:auth): check pass; user unknown
Apr 19 10:47:52 debian sshd[16096]: Failed password for root from 221.229.166.30 port 55702 ssh2
Apr 19 10:47:52 debian sshd[16094]: Failed password for invalid user supervisor from 118.244.151.18 port 1219 ssh2
Apr 19 10:47:53 debian sshd[16096]: PAM 2 more authentication failures; logname= uid=0 euid=0 tty=ssh ruser= rhost=221.229.166.30  user=root
Apr 19 10:47:53 debian sshd[16094]: pam_unix(sshd:auth): check pass; user unknown
Apr 19 10:47:55 debian sshd[16094]: Failed password for invalid user supervisor from 118.244.151.18 port 1219 ssh2
Apr 19 10:47:55 debian sshd[16098]: pam_unix(sshd:auth): authentication failure; logname= uid=0 euid=0 tty=ssh ruser= rhost=221.229.166.30  user=root
Apr 19 10:47:56 debian sshd[16094]: PAM 4 more authentication failures; logname= uid=0 euid=0 tty=ssh ruser= rhost=118.244.151.18 
Apr 19 10:47:56 debian sshd[16094]: PAM service(sshd) ignoring max retries; 5 > 3
Apr 19 10:47:57 debian sshd[16098]: Failed password for root from 221.229.166.30 port 52230 ssh2
Apr 19 10:48:00 debian sshd[16098]: Failed password for root from 221.229.166.30 port 52230 ssh2
Apr 19 10:48:02 debian sshd[16098]: Failed password for root from 221.229.166.30 port 52230 ssh2
Apr 19 10:48:03 debian sshd[16098]: PAM 2 more authentication failures; logname= uid=0 euid=0 tty=ssh ruser= rhost=221.229.166.30  user=root
Apr 19 10:48:03 debian sshd[16100]: Invalid user supervisor from 118.244.151.18
Apr 19 10:48:03 debian sshd[16100]: pam_unix(sshd:auth): check pass; user unknown
Apr 19 10:48:03 debian sshd[16100]: pam_unix(sshd:auth): authentication failure; logname= uid=0 euid=0 tty=ssh ruser= rhost=118.244.151.18 
Apr 19 10:48:05 debian sshd[16102]: pam_unix(sshd:auth): authentication failure; logname= uid=0 euid=0 tty=ssh ruser= rhost=221.229.166.30  user=root
Apr 19 10:48:05 debian sshd[16100]: Failed password for invalid user supervisor from 118.244.151.18 port 3798 ssh2
Apr 19 10:48:06 debian sshd[16100]: pam_unix(sshd:auth): check pass; user unknown
Apr 19 10:48:07 debian sshd[16102]: Failed password for root from 221.229.166.30 port 46181 ssh2
Apr 19 10:48:08 debian sshd[16100]: Failed password for invalid user supervisor from 118.244.151.18 port 3798 ssh2
Apr 19 10:48:08 debian sshd[16100]: Failed password for invalid user supervisor from 118.244.151.18 port 3798 ssh2
Apr 19 10:48:09 debian sshd[16100]: PAM 1 more authentication failure; logname= uid=0 euid=0 tty=ssh ruser= rhost=118.244.151.18 
Apr 19 10:48:10 debian sshd[16102]: Failed password for root from 221.229.166.30 port 46181 ssh2
Apr 19 10:48:12 debian sshd[16102]: Failed password for root from 221.229.166.30 port 46181 ssh2
Apr 19 10:48:12 debian sshd[16104]: Invalid user epicrouter from 118.244.151.18
Apr 19 10:48:12 debian sshd[16104]: pam_unix(sshd:auth): check pass; user unknown
Apr 19 10:48:12 debian sshd[16104]: pam_unix(sshd:auth): authentication failure; logname= uid=0 euid=0 tty=ssh ruser= rhost=118.244.151.18 
Apr 19 10:48:12 debian sshd[16102]: PAM 2 more authentication failures; logname= uid=0 euid=0 tty=ssh ruser= rhost=221.229.166.30  user=root
Apr 19 10:48:15 debian sshd[16104]: Failed password for invalid user epicrouter from 118.244.151.18 port 2061 ssh2
Apr 19 10:48:15 debian sshd[16104]: pam_unix(sshd:auth): check pass; user unknown
Apr 19 10:48:17 debian sshd[16104]: Failed password for invalid user epicrouter from 118.244.151.18 port 2061 ssh2
Apr 19 10:48:18 debian sshd[16104]: pam_unix(sshd:auth): check pass; user unknown
Apr 19 10:48:20 debian sshd[16104]: Failed password for invalid user epicrouter from 118.244.151.18 port 2061 ssh2
Apr 19 10:48:21 debian sshd[16104]: pam_unix(sshd:auth): check pass; user unknown
Apr 19 10:48:22 debian sshd[16104]: Failed password for invalid user epicrouter from 118.244.151.18 port 2061 ssh2
Apr 19 10:48:23 debian sshd[16104]: pam_unix(sshd:auth): check pass; user unknown
Apr 19 10:48:25 debian sshd[16104]: Failed password for invalid user epicrouter from 118.244.151.18 port 2061 ssh2
Apr 19 10:48:26 debian sshd[16104]: PAM 4 more authentication failures; logname= uid=0 euid=0 tty=ssh ruser= rhost=118.244.151.18 
Apr 19 10:48:26 debian sshd[16104]: PAM service(sshd) ignoring max retries; 5 > 3
Apr 19 10:48:29 debian sshd[16108]: pam_unix(sshd:auth): authentication failure; logname= uid=0 euid=0 tty=ssh ruser= rhost=221.229.166.30  user=root
Apr 19 10:48:29 debian sshd[16110]: Invalid user epicrouter from 118.244.151.18
Apr 19 10:48:29 debian sshd[16110]: pam_unix(sshd:auth): check pass; user unknown
Apr 19 10:48:29 debian sshd[16110]: pam_unix(sshd:auth): authentication failure; logname= uid=0 euid=0 tty=ssh ruser= rhost=118.244.151.18 
Apr 19 10:48:31 debian sshd[16108]: Failed password for root from 221.229.166.30 port 37451 ssh2
Apr 19 10:48:31 debian sshd[16110]: Failed password for invalid user epicrouter from 118.244.151.18 port 4952 ssh2
Apr 19 10:48:32 debian sshd[16110]: pam_unix(sshd:auth): check pass; user unknown
Apr 19 10:48:34 debian sshd[16108]: Failed password for root from 221.229.166.30 port 37451 ssh2
Apr 19 10:48:34 debian sshd[16110]: Failed password for invalid user epicrouter from 118.244.151.18 port 4952 ssh2
Apr 19 10:48:35 debian sshd[16110]: pam_unix(sshd:auth): check pass; user unknown
Apr 19 10:48:36 debian sshd[16108]: Failed password for root from 221.229.166.30 port 37451 ssh2
Apr 19 10:48:37 debian sshd[16110]: Failed password for invalid user epicrouter from 118.244.151.18 port 4952 ssh2
Apr 19 10:48:37 debian sshd[16108]: PAM 2 more authentication failures; logname= uid=0 euid=0 tty=ssh ruser= rhost=221.229.166.30  user=root
Apr 19 10:48:38 debian sshd[16110]: pam_unix(sshd:auth): check pass; user unknown
Apr 19 10:48:40 debian sshd[16110]: Failed password for invalid user epicrouter from 118.244.151.18 port 4952 ssh2
Apr 19 10:48:41 debian sshd[16110]: pam_unix(sshd:auth): check pass; user unknown
Apr 19 10:48:43 debian sshd[16110]: Failed password for invalid user epicrouter from 118.244.151.18 port 4952 ssh2
Apr 19 10:48:43 debian sshd[16110]: PAM 4 more authentication failures; logname= uid=0 euid=0 tty=ssh ruser= rhost=118.244.151.18 
Apr 19 10:48:43 debian sshd[16110]: PAM service(sshd) ignoring max retries; 5 > 3
Apr 19 10:48:47 debian sshd[16114]: Invalid user epicrouter from 118.244.151.18
Apr 19 10:48:47 debian sshd[16114]: pam_unix(sshd:auth): check pass; user unknown
Apr 19 10:48:47 debian sshd[16114]: pam_unix(sshd:auth): authentication failure; logname= uid=0 euid=0 tty=ssh ruser= rhost=118.244.151.18 
Apr 19 10:48:49 debian sshd[16114]: Failed password for invalid user epicrouter from 118.244.151.18 port 3277 ssh2
Apr 19 10:48:50 debian sshd[16114]: pam_unix(sshd:auth): check pass; user unknown
Apr 19 10:48:53 debian sshd[16114]: Failed password for invalid user epicrouter from 118.244.151.18 port 3277 ssh2
Apr 19 10:48:53 debian sshd[16114]: pam_unix(sshd:auth): check pass; user unknown
Apr 19 10:48:55 debian sshd[16114]: Failed password for invalid user epicrouter from 118.244.151.18 port 3277 ssh2
Apr 19 10:48:56 debian sshd[16114]: pam_unix(sshd:auth): check pass; user unknown
Apr 19 10:48:58 debian sshd[16114]: Failed password for invalid user epicrouter from 118.244.151.18 port 3277 ssh2
Apr 19 10:48:58 debian sshd[16116]: pam_unix(sshd:auth): authentication failure; logname= uid=0 euid=0 tty=ssh ruser= rhost=221.229.166.30  user=root
Apr 19 10:48:58 debian sshd[16114]: pam_unix(sshd:auth): check pass; user unknown
Apr 19 10:49:00 debian sshd[16116]: Failed password for root from 221.229.166.30 port 33933 ssh2
Apr 19 10:49:01 debian sshd[16114]: Failed password for invalid user epicrouter from 118.244.151.18 port 3277 ssh2
Apr 19 10:49:01 debian sshd[16114]: PAM 4 more authentication failures; logname= uid=0 euid=0 tty=ssh ruser= rhost=118.244.151.18 
Apr 19 10:49:01 debian sshd[16114]: PAM service(sshd) ignoring max retries; 5 > 3
Apr 19 10:49:03 debian sshd[16116]: Failed password for root from 221.229.166.30 port 33933 ssh2
Apr 19 10:49:05 debian sshd[16116]: Failed password for root from 221.229.166.30 port 33933 ssh2
Apr 19 10:49:05 debian sshd[16116]: PAM 2 more authentication failures; logname= uid=0 euid=0 tty=ssh ruser= rhost=221.229.166.30  user=root
Apr 19 10:49:05 debian sshd[16118]: Invalid user epicrouter from 118.244.151.18
Apr 19 10:49:05 debian sshd[16118]: pam_unix(sshd:auth): check pass; user unknown
Apr 19 10:49:05 debian sshd[16118]: pam_unix(sshd:auth): authentication failure; logname= uid=0 euid=0 tty=ssh ruser= rhost=118.244.151.18 
Apr 19 10:49:08 debian sshd[16118]: Failed password for invalid user epicrouter from 118.244.151.18 port 2169 ssh2
Apr 19 10:49:08 debian sshd[16118]: pam_unix(sshd:auth): check pass; user unknown
Apr 19 10:49:10 debian sshd[16118]: Failed password for invalid user epicrouter from 118.244.151.18 port 2169 ssh2
Apr 19 10:49:10 debian sshd[16120]: pam_unix(sshd:auth): authentication failure; logname= uid=0 euid=0 tty=ssh ruser= rhost=221.229.166.30  user=root
Apr 19 10:49:11 debian sshd[16118]: pam_unix(sshd:auth): check pass; user unknown
Apr 19 10:49:12 debian sshd[16120]: Failed password for root from 221.229.166.30 port 44149 ssh2
Apr 19 10:49:13 debian sshd[16118]: Failed password for invalid user epicrouter from 118.244.151.18 port 2169 ssh2
Apr 19 10:49:13 debian sshd[16118]: pam_unix(sshd:auth): check pass; user unknown
Apr 19 10:49:15 debian sshd[16120]: Failed password for root from 221.229.166.30 port 44149 ssh2
Apr 19 10:49:16 debian sshd[16118]: Failed password for invalid user epicrouter from 118.244.151.18 port 2169 ssh2
Apr 19 10:49:16 debian sshd[16118]: pam_unix(sshd:auth): check pass; user unknown
Apr 19 10:49:17 debian sshd[16120]: Failed password for root from 221.229.166.30 port 44149 ssh2
Apr 19 10:49:18 debian sshd[16120]: PAM 2 more authentication failures; logname= uid=0 euid=0 tty=ssh ruser= rhost=221.229.166.30  user=root
Apr 19 10:49:18 debian sshd[16118]: Failed password for invalid user epicrouter from 118.244.151.18 port 2169 ssh2
Apr 19 10:49:19 debian sshd[16118]: PAM 4 more authentication failures; logname= uid=0 euid=0 tty=ssh ruser= rhost=118.244.151.18 
Apr 19 10:49:19 debian sshd[16118]: PAM service(sshd) ignoring max retries; 5 > 3
Apr 19 10:49:22 debian sshd[16122]: pam_unix(sshd:auth): authentication failure; logname= uid=0 euid=0 tty=ssh ruser= rhost=221.229.166.30  user=root
Apr 19 10:49:23 debian sshd[16124]: Invalid user epicrouter from 118.244.151.18
Apr 19 10:49:23 debian sshd[16124]: pam_unix(sshd:auth): check pass; user unknown
Apr 19 10:49:23 debian sshd[16124]: pam_unix(sshd:auth): authentication failure; logname= uid=0 euid=0 tty=ssh ruser= rhost=118.244.151.18 
Apr 19 10:49:24 debian sshd[16122]: Failed password for root from 221.229.166.30 port 42395 ssh2
Apr 19 10:49:25 debian sshd[16124]: Failed password for invalid user epicrouter from 118.244.151.18 port 1194 ssh2
Apr 19 10:49:26 debian sshd[16124]: pam_unix(sshd:auth): check pass; user unknown
Apr 19 10:49:27 debian sshd[16122]: Failed password for root from 221.229.166.30 port 42395 ssh2
Apr 19 10:49:29 debian sshd[16124]: Failed password for invalid user epicrouter from 118.244.151.18 port 1194 ssh2
Apr 19 10:49:29 debian sshd[16122]: Failed password for root from 221.229.166.30 port 42395 ssh2
Apr 19 10:49:29 debian sshd[16124]: pam_unix(sshd:auth): check pass; user unknown
Apr 19 10:49:31 debian sshd[16124]: Failed password for invalid user epicrouter from 118.244.151.18 port 1194 ssh2
Apr 19 10:49:31 debian sshd[16124]: pam_unix(sshd:auth): check pass; user unknown
Apr 19 10:49:32 debian sshd[16122]: PAM 2 more authentication failures; logname= uid=0 euid=0 tty=ssh ruser= rhost=221.229.166.30  user=root
Apr 19 10:49:33 debian sshd[16124]: Failed password for invalid user epicrouter from 118.244.151.18 port 1194 ssh2
Apr 19 10:49:34 debian sshd[16124]: pam_unix(sshd:auth): check pass; user unknown
Apr 19 10:49:35 debian sshd[16126]: pam_unix(sshd:auth): authentication failure; logname= uid=0 euid=0 tty=ssh ruser= rhost=221.229.166.30  user=root
Apr 19 10:49:36 debian sshd[16124]: Failed password for invalid user epicrouter from 118.244.151.18 port 1194 ssh2
Apr 19 10:49:37 debian sshd[16124]: PAM 4 more authentication failures; logname= uid=0 euid=0 tty=ssh ruser= rhost=118.244.151.18 
Apr 19 10:49:37 debian sshd[16124]: PAM service(sshd) ignoring max retries; 5 > 3
Apr 19 10:49:37 debian sshd[16126]: Failed password for root from 221.229.166.30 port 42916 ssh2
Apr 19 10:49:40 debian sshd[16126]: Failed password for root from 221.229.166.30 port 42916 ssh2
Apr 19 10:49:41 debian sshd[16128]: Invalid user epicrouter from 118.244.151.18
Apr 19 10:49:41 debian sshd[16128]: pam_unix(sshd:auth): check pass; user unknown
Apr 19 10:49:41 debian sshd[16128]: pam_unix(sshd:auth): authentication failure; logname= uid=0 euid=0 tty=ssh ruser= rhost=118.244.151.18 
Apr 19 10:49:42 debian sshd[16126]: Failed password for root from 221.229.166.30 port 42916 ssh2
Apr 19 10:49:42 debian sshd[16128]: Failed password for invalid user epicrouter from 118.244.151.18 port 3530 ssh2
Apr 19 10:49:43 debian sshd[16126]: PAM 2 more authentication failures; logname= uid=0 euid=0 tty=ssh ruser= rhost=221.229.166.30  user=root
Apr 19 10:49:43 debian sshd[16128]: pam_unix(sshd:auth): check pass; user unknown
Apr 19 10:49:45 debian sshd[16130]: pam_unix(sshd:auth): authentication failure; logname= uid=0 euid=0 tty=ssh ruser= rhost=221.229.166.30  user=root
Apr 19 10:49:45 debian sshd[16128]: Failed password for invalid user epicrouter from 118.244.151.18 port 3530 ssh2
Apr 19 10:49:46 debian sshd[16128]: pam_unix(sshd:auth): check pass; user unknown
Apr 19 10:49:47 debian sshd[16130]: Failed password for root from 221.229.166.30 port 40364 ssh2
Apr 19 10:49:47 debian sshd[16128]: Failed password for invalid user epicrouter from 118.244.151.18 port 3530 ssh2
Apr 19 10:49:48 debian sshd[16128]: pam_unix(sshd:auth): check pass; user unknown
Apr 19 10:49:50 debian sshd[16130]: Failed password for root from 221.229.166.30 port 40364 ssh2
Apr 19 10:49:50 debian sshd[16128]: Failed password for invalid user epicrouter from 118.244.151.18 port 3530 ssh2
Apr 19 10:49:51 debian sshd[16128]: pam_unix(sshd:auth): check pass; user unknown
Apr 19 10:49:52 debian sshd[16130]: Failed password for root from 221.229.166.30 port 40364 ssh2
Apr 19 10:49:52 debian sshd[16130]: PAM 2 more authentication failures; logname= uid=0 euid=0 tty=ssh ruser= rhost=221.229.166.30  user=root
Apr 19 10:49:52 debian sshd[16128]: Failed password for invalid user epicrouter from 118.244.151.18 port 3530 ssh2
Apr 19 10:49:53 debian sshd[16128]: PAM 4 more authentication failures; logname= uid=0 euid=0 tty=ssh ruser= rhost=118.244.151.18 
Apr 19 10:49:53 debian sshd[16128]: PAM service(sshd) ignoring max retries; 5 > 3
Apr 19 10:49:56 debian sshd[16133]: Invalid user epicrouter from 118.244.151.18
Apr 19 10:49:56 debian sshd[16133]: pam_unix(sshd:auth): check pass; user unknown
Apr 19 10:49:56 debian sshd[16133]: pam_unix(sshd:auth): authentication failure; logname= uid=0 euid=0 tty=ssh ruser= rhost=118.244.151.18 
Apr 19 10:49:58 debian sshd[16133]: Failed password for invalid user epicrouter from 118.244.151.18 port 2177 ssh2
Apr 19 10:49:59 debian sshd[16133]: pam_unix(sshd:auth): check pass; user unknown
Apr 19 10:50:02 debian sshd[16133]: Failed password for invalid user epicrouter from 118.244.151.18 port 2177 ssh2
Apr 19 10:50:02 debian sshd[16133]: pam_unix(sshd:auth): check pass; user unknown
Apr 19 10:50:04 debian sshd[16133]: Failed password for invalid user epicrouter from 118.244.151.18 port 2177 ssh2
Apr 19 10:50:05 debian sshd[16133]: pam_unix(sshd:auth): check pass; user unknown
Apr 19 10:50:06 debian sshd[16133]: Failed password for invalid user epicrouter from 118.244.151.18 port 2177 ssh2
Apr 19 10:50:07 debian sshd[16133]: pam_unix(sshd:auth): check pass; user unknown
Apr 19 10:50:09 debian sshd[16133]: Failed password for invalid user epicrouter from 118.244.151.18 port 2177 ssh2
Apr 19 10:50:10 debian sshd[16133]: PAM 4 more authentication failures; logname= uid=0 euid=0 tty=ssh ruser= rhost=118.244.151.18 
Apr 19 10:50:10 debian sshd[16133]: PAM service(sshd) ignoring max retries; 5 > 3
Apr 19 10:50:13 debian sshd[16136]: Invalid user epicrouter from 118.244.151.18
Apr 19 10:50:13 debian sshd[16136]: pam_unix(sshd:auth): check pass; user unknown
Apr 19 10:50:13 debian sshd[16136]: pam_unix(sshd:auth): authentication failure; logname= uid=0 euid=0 tty=ssh ruser= rhost=118.244.151.18 
Apr 19 10:50:15 debian sshd[16136]: Failed password for invalid user epicrouter from 118.244.151.18 port 1054 ssh2
Apr 19 10:50:16 debian sshd[16136]: pam_unix(sshd:auth): check pass; user unknown
Apr 19 10:50:17 debian sshd[16136]: Failed password for invalid user epicrouter from 118.244.151.18 port 1054 ssh2
Apr 19 10:50:17 debian sshd[16136]: pam_unix(sshd:auth): check pass; user unknown
Apr 19 10:50:19 debian sshd[16136]: Failed password for invalid user epicrouter from 118.244.151.18 port 1054 ssh2
Apr 19 10:50:19 debian sshd[16136]: pam_unix(sshd:auth): check pass; user unknown
Apr 19 10:50:22 debian sshd[16136]: Failed password for invalid user epicrouter from 118.244.151.18 port 1054 ssh2
Apr 19 10:50:23 debian sshd[16136]: pam_unix(sshd:auth): check pass; user unknown
Apr 19 10:50:25 debian sshd[16136]: Failed password for invalid user epicrouter from 118.244.151.18 port 1054 ssh2
Apr 19 10:50:25 debian sshd[16136]: PAM 4 more authentication failures; logname= uid=0 euid=0 tty=ssh ruser= rhost=118.244.151.18 
Apr 19 10:50:25 debian sshd[16136]: PAM service(sshd) ignoring max retries; 5 > 3
Apr 19 10:50:29 debian sshd[16139]: Invalid user epicrouter from 118.244.151.18
Apr 19 10:50:29 debian sshd[16139]: pam_unix(sshd:auth): check pass; user unknown
Apr 19 10:50:29 debian sshd[16139]: pam_unix(sshd:auth): authentication failure; logname= uid=0 euid=0 tty=ssh ruser= rhost=118.244.151.18 
Apr 19 10:50:31 debian sshd[16139]: Failed password for invalid user epicrouter from 118.244.151.18 port 3151 ssh2
Apr 19 10:50:32 debian sshd[16139]: pam_unix(sshd:auth): check pass; user unknown
Apr 19 10:50:34 debian sshd[16139]: Failed password for invalid user epicrouter from 118.244.151.18 port 3151 ssh2
Apr 19 10:50:35 debian sshd[16139]: pam_unix(sshd:auth): check pass; user unknown
Apr 19 10:50:37 debian sshd[16139]: Failed password for invalid user epicrouter from 118.244.151.18 port 3151 ssh2
Apr 19 10:50:37 debian sshd[16139]: pam_unix(sshd:auth): check pass; user unknown
Apr 19 10:50:39 debian sshd[16139]: Failed password for invalid user epicrouter from 118.244.151.18 port 3151 ssh2
Apr 19 10:50:40 debian sshd[16139]: pam_unix(sshd:auth): check pass; user unknown
Apr 19 10:50:41 debian sshd[16139]: Failed password for invalid user epicrouter from 118.244.151.18 port 3151 ssh2
Apr 19 10:50:42 debian sshd[16139]: PAM 4 more authentication failures; logname= uid=0 euid=0 tty=ssh ruser= rhost=118.244.151.18 
Apr 19 10:50:42 debian sshd[16139]: PAM service(sshd) ignoring max retries; 5 > 3
Apr 19 10:50:46 debian sshd[16143]: Invalid user epicrouter from 118.244.151.18
Apr 19 10:50:46 debian sshd[16143]: pam_unix(sshd:auth): check pass; user unknown
Apr 19 10:50:46 debian sshd[16143]: pam_unix(sshd:auth): authentication failure; logname= uid=0 euid=0 tty=ssh ruser= rhost=118.244.151.18 
Apr 19 10:50:48 debian sshd[16143]: Failed password for invalid user epicrouter from 118.244.151.18 port 2034 ssh2
Apr 19 10:50:49 debian sshd[16143]: pam_unix(sshd:auth): check pass; user unknown
Apr 19 10:50:51 debian sshd[16143]: Failed password for invalid user epicrouter from 118.244.151.18 port 2034 ssh2
Apr 19 10:50:52 debian sshd[16143]: pam_unix(sshd:auth): check pass; user unknown
Apr 19 10:50:53 debian sshd[16143]: Failed password for invalid user epicrouter from 118.244.151.18 port 2034 ssh2
Apr 19 10:50:54 debian sshd[16143]: pam_unix(sshd:auth): check pass; user unknown
Apr 19 10:50:55 debian sshd[16143]: Failed password for invalid user epicrouter from 118.244.151.18 port 2034 ssh2
Apr 19 10:50:56 debian sshd[16143]: pam_unix(sshd:auth): check pass; user unknown
Apr 19 10:50:58 debian sshd[16143]: Failed password for invalid user epicrouter from 118.244.151.18 port 2034 ssh2
Apr 19 10:50:59 debian sshd[16143]: PAM 4 more authentication failures; logname= uid=0 euid=0 tty=ssh ruser= rhost=118.244.151.18 
Apr 19 10:50:59 debian sshd[16143]: PAM service(sshd) ignoring max retries; 5 > 3
Apr 19 10:51:03 debian sshd[16147]: Invalid user epicrouter from 118.244.151.18
Apr 19 10:51:03 debian sshd[16147]: pam_unix(sshd:auth): check pass; user unknown
Apr 19 10:51:03 debian sshd[16147]: pam_unix(sshd:auth): authentication failure; logname= uid=0 euid=0 tty=ssh ruser= rhost=118.244.151.18 
Apr 19 10:51:05 debian sshd[16147]: Failed password for invalid user epicrouter from 118.244.151.18 port 4773 ssh2
Apr 19 10:51:05 debian sshd[16147]: pam_unix(sshd:auth): check pass; user unknown
Apr 19 10:51:07 debian sshd[16147]: Failed password for invalid user epicrouter from 118.244.151.18 port 4773 ssh2
Apr 19 10:51:08 debian sshd[16147]: pam_unix(sshd:auth): check pass; user unknown
Apr 19 10:51:10 debian sshd[16147]: Failed password for invalid user epicrouter from 118.244.151.18 port 4773 ssh2
Apr 19 10:51:11 debian sshd[16147]: pam_unix(sshd:auth): check pass; user unknown
Apr 19 10:51:13 debian sshd[16147]: Failed password for invalid user epicrouter from 118.244.151.18 port 4773 ssh2
Apr 19 10:51:13 debian sshd[16147]: pam_unix(sshd:auth): check pass; user unknown
Apr 19 10:51:15 debian sshd[16147]: Failed password for invalid user epicrouter from 118.244.151.18 port 4773 ssh2
Apr 19 10:51:16 debian sshd[16147]: PAM 4 more authentication failures; logname= uid=0 euid=0 tty=ssh ruser= rhost=118.244.151.18 
Apr 19 10:51:16 debian sshd[16147]: PAM service(sshd) ignoring max retries; 5 > 3
Apr 19 10:51:20 debian sshd[16151]: Invalid user epicrouter from 118.244.151.18
Apr 19 10:51:20 debian sshd[16151]: pam_unix(sshd:auth): check pass; user unknown
Apr 19 10:51:20 debian sshd[16151]: pam_unix(sshd:auth): authentication failure; logname= uid=0 euid=0 tty=ssh ruser= rhost=118.244.151.18 
Apr 19 10:51:22 debian sshd[16151]: Failed password for invalid user epicrouter from 118.244.151.18 port 3087 ssh2
Apr 19 10:51:22 debian sshd[16151]: pam_unix(sshd:auth): check pass; user unknown
Apr 19 10:51:24 debian sshd[16151]: Failed password for invalid user epicrouter from 118.244.151.18 port 3087 ssh2
Apr 19 10:51:25 debian sshd[16151]: pam_unix(sshd:auth): check pass; user unknown
Apr 19 10:51:26 debian sshd[16151]: Failed password for invalid user epicrouter from 118.244.151.18 port 3087 ssh2
Apr 19 10:51:27 debian sshd[16151]: pam_unix(sshd:auth): check pass; user unknown
Apr 19 10:51:28 debian sshd[16151]: Failed password for invalid user epicrouter from 118.244.151.18 port 3087 ssh2
Apr 19 10:51:29 debian sshd[16151]: pam_unix(sshd:auth): check pass; user unknown
Apr 19 10:51:31 debian sshd[16151]: Failed password for invalid user epicrouter from 118.244.151.18 port 3087 ssh2
Apr 19 10:51:31 debian sshd[16151]: PAM 4 more authentication failures; logname= uid=0 euid=0 tty=ssh ruser= rhost=118.244.151.18 
Apr 19 10:51:31 debian sshd[16151]: PAM service(sshd) ignoring max retries; 5 > 3
Apr 19 10:51:37 debian sshd[16155]: Invalid user epicrouter from 118.244.151.18
Apr 19 10:51:37 debian sshd[16155]: pam_unix(sshd:auth): check pass; user unknown
Apr 19 10:51:37 debian sshd[16155]: pam_unix(sshd:auth): authentication failure; logname= uid=0 euid=0 tty=ssh ruser= rhost=118.244.151.18 
Apr 19 10:51:38 debian sshd[16155]: Failed password for invalid user epicrouter from 118.244.151.18 port 1758 ssh2
Apr 19 10:51:39 debian sshd[16155]: pam_unix(sshd:auth): check pass; user unknown
Apr 19 10:51:41 debian sshd[16155]: Failed password for invalid user epicrouter from 118.244.151.18 port 1758 ssh2
Apr 19 10:51:41 debian sshd[16155]: Failed password for invalid user epicrouter from 118.244.151.18 port 1758 ssh2
Apr 19 10:51:42 debian sshd[16155]: PAM 1 more authentication failure; logname= uid=0 euid=0 tty=ssh ruser= rhost=118.244.151.18 
Apr 19 11:03:16 debian sshd[16159]: pam_unix(sshd:auth): authentication failure; logname= uid=0 euid=0 tty=ssh ruser= rhost=43.255.191.153  user=root
Apr 19 11:03:18 debian sshd[16159]: Failed password for root from 43.255.191.153 port 48637 ssh2
Apr 19 11:03:20 debian sshd[16159]: Failed password for root from 43.255.191.153 port 48637 ssh2
Apr 19 11:03:22 debian sshd[16159]: Failed password for root from 43.255.191.153 port 48637 ssh2
Apr 19 11:03:22 debian sshd[16159]: PAM 2 more authentication failures; logname= uid=0 euid=0 tty=ssh ruser= rhost=43.255.191.153  user=root
Apr 19 11:03:22 debian sshd[16164]: pam_unix(sshd:auth): authentication failure; logname= uid=0 euid=0 tty=ssh ruser= rhost=43.255.191.153  user=root
Apr 19 11:03:24 debian sshd[16164]: Failed password for root from 43.255.191.153 port 37079 ssh2
Apr 19 11:03:27 debian sshd[16164]: Failed password for root from 43.255.191.153 port 37079 ssh2
Apr 19 11:03:29 debian sshd[16164]: Failed password for root from 43.255.191.153 port 37079 ssh2
Apr 19 11:03:29 debian sshd[16164]: PAM 2 more authentication failures; logname= uid=0 euid=0 tty=ssh ruser= rhost=43.255.191.153  user=root
Apr 19 11:03:30 debian sshd[16168]: pam_unix(sshd:auth): authentication failure; logname= uid=0 euid=0 tty=ssh ruser= rhost=43.255.191.153  user=root
Apr 19 11:03:32 debian sshd[16168]: Failed password for root from 43.255.191.153 port 55511 ssh2
Apr 19 11:03:33 debian sshd[16168]: Failed password for root from 43.255.191.153 port 55511 ssh2
Apr 19 11:03:35 debian sshd[16168]: Failed password for root from 43.255.191.153 port 55511 ssh2
Apr 19 11:03:35 debian sshd[16168]: PAM 2 more authentication failures; logname= uid=0 euid=0 tty=ssh ruser= rhost=43.255.191.153  user=root
Apr 19 11:03:35 debian sshd[16172]: pam_unix(sshd:auth): authentication failure; logname= uid=0 euid=0 tty=ssh ruser= rhost=43.255.191.153  user=root
Apr 19 11:03:38 debian sshd[16172]: Failed password for root from 43.255.191.153 port 42198 ssh2
Apr 19 11:03:40 debian sshd[16172]: Failed password for root from 43.255.191.153 port 42198 ssh2
Apr 19 11:03:42 debian sshd[16172]: Failed password for root from 43.255.191.153 port 42198 ssh2
Apr 19 11:03:42 debian sshd[16172]: PAM 2 more authentication failures; logname= uid=0 euid=0 tty=ssh ruser= rhost=43.255.191.153  user=root
Apr 19 11:03:42 debian sshd[16176]: pam_unix(sshd:auth): authentication failure; logname= uid=0 euid=0 tty=ssh ruser= rhost=43.255.191.153  user=root
Apr 19 11:03:44 debian sshd[16176]: Failed password for root from 43.255.191.153 port 57874 ssh2
Apr 19 11:03:46 debian sshd[16176]: Failed password for root from 43.255.191.153 port 57874 ssh2
Apr 19 11:03:47 debian sshd[16176]: Failed password for root from 43.255.191.153 port 57874 ssh2
Apr 19 11:03:48 debian sshd[16176]: PAM 2 more authentication failures; logname= uid=0 euid=0 tty=ssh ruser= rhost=43.255.191.153  user=root
Apr 19 11:03:48 debian sshd[16180]: pam_unix(sshd:auth): authentication failure; logname= uid=0 euid=0 tty=ssh ruser= rhost=43.255.191.153  user=root
Apr 19 11:03:51 debian sshd[16180]: Failed password for root from 43.255.191.153 port 46960 ssh2
Apr 19 11:03:52 debian sshd[16180]: Failed password for root from 43.255.191.153 port 46960 ssh2
Apr 19 11:03:54 debian sshd[16180]: Failed password for root from 43.255.191.153 port 46960 ssh2
Apr 19 11:03:54 debian sshd[16180]: PAM 2 more authentication failures; logname= uid=0 euid=0 tty=ssh ruser= rhost=43.255.191.153  user=root
Apr 19 11:03:55 debian sshd[16184]: pam_unix(sshd:auth): authentication failure; logname= uid=0 euid=0 tty=ssh ruser= rhost=43.255.191.153  user=root
Apr 19 11:03:56 debian sshd[16184]: Failed password for root from 43.255.191.153 port 35581 ssh2
Apr 19 11:03:57 debian sshd[16184]: Failed password for root from 43.255.191.153 port 35581 ssh2
Apr 19 11:03:59 debian sshd[16184]: Failed password for root from 43.255.191.153 port 35581 ssh2
Apr 19 11:03:59 debian sshd[16184]: PAM 2 more authentication failures; logname= uid=0 euid=0 tty=ssh ruser= rhost=43.255.191.153  user=root
Apr 19 11:04:00 debian sshd[16188]: pam_unix(sshd:auth): authentication failure; logname= uid=0 euid=0 tty=ssh ruser= rhost=43.255.191.153  user=root
Apr 19 11:04:02 debian sshd[16188]: Failed password for root from 43.255.191.153 port 48644 ssh2
Apr 19 11:04:04 debian sshd[16188]: Failed password for root from 43.255.191.153 port 48644 ssh2
Apr 19 11:04:06 debian sshd[16188]: Failed password for root from 43.255.191.153 port 48644 ssh2
Apr 19 11:04:06 debian sshd[16188]: PAM 2 more authentication failures; logname= uid=0 euid=0 tty=ssh ruser= rhost=43.255.191.153  user=root
Apr 19 11:04:07 debian sshd[16192]: pam_unix(sshd:auth): authentication failure; logname= uid=0 euid=0 tty=ssh ruser= rhost=43.255.191.153  user=root
Apr 19 11:04:08 debian sshd[16192]: Failed password for root from 43.255.191.153 port 37928 ssh2
Apr 19 11:04:09 debian sshd[16192]: Failed password for root from 43.255.191.153 port 37928 ssh2
Apr 19 11:04:11 debian sshd[16192]: Failed password for root from 43.255.191.153 port 37928 ssh2
Apr 19 11:04:11 debian sshd[16192]: PAM 2 more authentication failures; logname= uid=0 euid=0 tty=ssh ruser= rhost=43.255.191.153  user=root
Apr 19 11:04:12 debian sshd[16196]: pam_unix(sshd:auth): authentication failure; logname= uid=0 euid=0 tty=ssh ruser= rhost=43.255.191.153  user=root
Apr 19 11:04:14 debian sshd[16196]: Failed password for root from 43.255.191.153 port 51022 ssh2
Apr 19 11:04:16 debian sshd[16196]: Failed password for root from 43.255.191.153 port 51022 ssh2
Apr 19 11:04:18 debian sshd[16196]: Failed password for root from 43.255.191.153 port 51022 ssh2
Apr 19 11:04:18 debian sshd[16196]: PAM 2 more authentication failures; logname= uid=0 euid=0 tty=ssh ruser= rhost=43.255.191.153  user=root
Apr 19 11:04:19 debian sshd[16200]: pam_unix(sshd:auth): authentication failure; logname= uid=0 euid=0 tty=ssh ruser= rhost=43.255.191.153  user=root
Apr 19 11:04:21 debian sshd[16200]: Failed password for root from 43.255.191.153 port 40779 ssh2
Apr 19 11:04:23 debian sshd[16200]: Failed password for root from 43.255.191.153 port 40779 ssh2
Apr 19 11:04:25 debian sshd[16200]: Failed password for root from 43.255.191.153 port 40779 ssh2
Apr 19 11:04:25 debian sshd[16200]: PAM 2 more authentication failures; logname= uid=0 euid=0 tty=ssh ruser= rhost=43.255.191.153  user=root
Apr 19 11:04:26 debian sshd[16204]: pam_unix(sshd:auth): authentication failure; logname= uid=0 euid=0 tty=ssh ruser= rhost=43.255.191.153  user=root
Apr 19 11:04:27 debian sshd[16204]: Failed password for root from 43.255.191.153 port 58225 ssh2
Apr 19 11:04:29 debian sshd[16204]: Failed password for root from 43.255.191.153 port 58225 ssh2
Apr 19 11:04:31 debian sshd[16204]: Failed password for root from 43.255.191.153 port 58225 ssh2
Apr 19 11:04:31 debian sshd[16204]: PAM 2 more authentication failures; logname= uid=0 euid=0 tty=ssh ruser= rhost=43.255.191.153  user=root
Apr 19 11:04:31 debian sshd[16208]: pam_unix(sshd:auth): authentication failure; logname= uid=0 euid=0 tty=ssh ruser= rhost=43.255.191.153  user=root
Apr 19 11:04:33 debian sshd[16208]: Failed password for root from 43.255.191.153 port 45789 ssh2
Apr 19 11:04:35 debian sshd[16208]: Failed password for root from 43.255.191.153 port 45789 ssh2
Apr 19 11:04:37 debian sshd[16208]: Failed password for root from 43.255.191.153 port 45789 ssh2
Apr 19 11:04:37 debian sshd[16208]: PAM 2 more authentication failures; logname= uid=0 euid=0 tty=ssh ruser= rhost=43.255.191.153  user=root
Apr 19 11:04:38 debian sshd[16212]: pam_unix(sshd:auth): authentication failure; logname= uid=0 euid=0 tty=ssh ruser= rhost=43.255.191.153  user=root
Apr 19 11:04:39 debian sshd[16212]: Failed password for root from 43.255.191.153 port 34460 ssh2
Apr 19 11:04:41 debian sshd[16212]: Failed password for root from 43.255.191.153 port 34460 ssh2
Apr 19 11:04:43 debian sshd[16212]: Failed password for root from 43.255.191.153 port 34460 ssh2
Apr 19 11:04:43 debian sshd[16212]: PAM 2 more authentication failures; logname= uid=0 euid=0 tty=ssh ruser= rhost=43.255.191.153  user=root
Apr 19 11:04:44 debian sshd[16216]: pam_unix(sshd:auth): authentication failure; logname= uid=0 euid=0 tty=ssh ruser= rhost=43.255.191.153  user=root
Apr 19 11:04:46 debian sshd[16216]: Failed password for root from 43.255.191.153 port 51834 ssh2
Apr 19 11:04:47 debian sshd[16216]: Failed password for root from 43.255.191.153 port 51834 ssh2
Apr 19 11:04:50 debian sshd[16216]: Failed password for root from 43.255.191.153 port 51834 ssh2
Apr 19 11:04:50 debian sshd[16216]: PAM 2 more authentication failures; logname= uid=0 euid=0 tty=ssh ruser= rhost=43.255.191.153  user=root
Apr 19 11:04:50 debian sshd[16220]: pam_unix(sshd:auth): authentication failure; logname= uid=0 euid=0 tty=ssh ruser= rhost=43.255.191.153  user=root
Apr 19 11:04:52 debian sshd[16220]: Failed password for root from 43.255.191.153 port 42164 ssh2
Apr 19 11:04:53 debian sshd[16220]: Failed password for root from 43.255.191.153 port 42164 ssh2
Apr 19 11:04:56 debian sshd[16220]: Failed password for root from 43.255.191.153 port 42164 ssh2
Apr 19 11:04:56 debian sshd[16220]: PAM 2 more authentication failures; logname= uid=0 euid=0 tty=ssh ruser= rhost=43.255.191.153  user=root
Apr 19 11:04:56 debian sshd[16224]: pam_unix(sshd:auth): authentication failure; logname= uid=0 euid=0 tty=ssh ruser= rhost=43.255.191.153  user=root
Apr 19 11:04:58 debian sshd[16224]: Failed password for root from 43.255.191.153 port 60539 ssh2
Apr 19 11:05:00 debian sshd[16224]: Failed password for root from 43.255.191.153 port 60539 ssh2
Apr 19 11:05:02 debian sshd[16224]: Failed password for root from 43.255.191.153 port 60539 ssh2
Apr 19 11:05:02 debian sshd[16224]: PAM 2 more authentication failures; logname= uid=0 euid=0 tty=ssh ruser= rhost=43.255.191.153  user=root
Apr 19 11:05:03 debian sshd[16228]: pam_unix(sshd:auth): authentication failure; logname= uid=0 euid=0 tty=ssh ruser= rhost=43.255.191.153  user=root
Apr 19 11:05:05 debian sshd[16228]: Failed password for root from 43.255.191.153 port 51140 ssh2
Apr 19 11:05:07 debian sshd[16228]: Failed password for root from 43.255.191.153 port 51140 ssh2
Apr 19 11:05:08 debian sshd[16228]: Failed password for root from 43.255.191.153 port 51140 ssh2
Apr 19 11:05:08 debian sshd[16228]: PAM 2 more authentication failures; logname= uid=0 euid=0 tty=ssh ruser= rhost=43.255.191.153  user=root
Apr 19 11:05:09 debian sshd[16232]: pam_unix(sshd:auth): authentication failure; logname= uid=0 euid=0 tty=ssh ruser= rhost=43.255.191.153  user=root
Apr 19 11:05:11 debian sshd[16232]: Failed password for root from 43.255.191.153 port 40478 ssh2
Apr 19 11:05:13 debian sshd[16232]: Failed password for root from 43.255.191.153 port 40478 ssh2
Apr 19 11:05:15 debian sshd[16232]: Failed password for root from 43.255.191.153 port 40478 ssh2
Apr 19 11:05:15 debian sshd[16232]: PAM 2 more authentication failures; logname= uid=0 euid=0 tty=ssh ruser= rhost=43.255.191.153  user=root
Apr 19 11:05:15 debian sshd[16236]: pam_unix(sshd:auth): authentication failure; logname= uid=0 euid=0 tty=ssh ruser= rhost=43.255.191.153  user=root
Apr 19 11:05:17 debian sshd[16236]: Failed password for root from 43.255.191.153 port 58477 ssh2
Apr 19 11:05:20 debian sshd[16236]: Failed password for root from 43.255.191.153 port 58477 ssh2
Apr 19 11:05:21 debian sshd[16236]: Failed password for root from 43.255.191.153 port 58477 ssh2
Apr 19 11:05:21 debian sshd[16236]: PAM 2 more authentication failures; logname= uid=0 euid=0 tty=ssh ruser= rhost=43.255.191.153  user=root
Apr 19 11:05:22 debian sshd[16240]: pam_unix(sshd:auth): authentication failure; logname= uid=0 euid=0 tty=ssh ruser= rhost=43.255.191.153  user=root
Apr 19 11:05:24 debian sshd[16240]: Failed password for root from 43.255.191.153 port 48585 ssh2
Apr 19 11:05:26 debian sshd[16240]: Failed password for root from 43.255.191.153 port 48585 ssh2
Apr 19 11:05:28 debian sshd[16240]: Failed password for root from 43.255.191.153 port 48585 ssh2
Apr 19 11:05:28 debian sshd[16240]: PAM 2 more authentication failures; logname= uid=0 euid=0 tty=ssh ruser= rhost=43.255.191.153  user=root
Apr 19 11:05:29 debian sshd[16244]: pam_unix(sshd:auth): authentication failure; logname= uid=0 euid=0 tty=ssh ruser= rhost=43.255.191.153  user=root
Apr 19 11:05:31 debian sshd[16244]: Failed password for root from 43.255.191.153 port 39397 ssh2
Apr 19 11:05:33 debian sshd[16244]: Failed password for root from 43.255.191.153 port 39397 ssh2
Apr 19 11:05:35 debian sshd[16244]: Failed password for root from 43.255.191.153 port 39397 ssh2
Apr 19 11:05:35 debian sshd[16244]: PAM 2 more authentication failures; logname= uid=0 euid=0 tty=ssh ruser= rhost=43.255.191.153  user=root
Apr 19 11:05:35 debian sshd[16248]: pam_unix(sshd:auth): authentication failure; logname= uid=0 euid=0 tty=ssh ruser= rhost=43.255.191.153  user=root
Apr 19 11:05:37 debian sshd[16248]: Failed password for root from 43.255.191.153 port 58630 ssh2
Apr 19 11:05:39 debian sshd[16248]: Failed password for root from 43.255.191.153 port 58630 ssh2
Apr 19 11:05:41 debian sshd[16248]: Failed password for root from 43.255.191.153 port 58630 ssh2
Apr 19 11:05:41 debian sshd[16248]: PAM 2 more authentication failures; logname= uid=0 euid=0 tty=ssh ruser= rhost=43.255.191.153  user=root
Apr 19 11:05:42 debian sshd[16252]: pam_unix(sshd:auth): authentication failure; logname= uid=0 euid=0 tty=ssh ruser= rhost=43.255.191.153  user=root
Apr 19 11:05:44 debian sshd[16252]: Failed password for root from 43.255.191.153 port 48040 ssh2
Apr 19 11:05:46 debian sshd[16252]: Failed password for root from 43.255.191.153 port 48040 ssh2
Apr 19 11:05:48 debian sshd[16252]: Failed password for root from 43.255.191.153 port 48040 ssh2
Apr 19 11:05:48 debian sshd[16252]: PAM 2 more authentication failures; logname= uid=0 euid=0 tty=ssh ruser= rhost=43.255.191.153  user=root
Apr 19 11:05:49 debian sshd[16256]: pam_unix(sshd:auth): authentication failure; logname= uid=0 euid=0 tty=ssh ruser= rhost=43.255.191.153  user=root
Apr 19 11:05:50 debian sshd[16256]: Failed password for root from 43.255.191.153 port 38221 ssh2
Apr 19 11:05:52 debian sshd[16256]: Failed password for root from 43.255.191.153 port 38221 ssh2
Apr 19 11:05:54 debian sshd[16256]: Failed password for root from 43.255.191.153 port 38221 ssh2
Apr 19 11:05:54 debian sshd[16256]: PAM 2 more authentication failures; logname= uid=0 euid=0 tty=ssh ruser= rhost=43.255.191.153  user=root
Apr 19 11:05:55 debian sshd[16260]: pam_unix(sshd:auth): authentication failure; logname= uid=0 euid=0 tty=ssh ruser= rhost=43.255.191.153  user=root
Apr 19 11:05:57 debian sshd[16260]: Failed password for root from 43.255.191.153 port 56309 ssh2
Apr 19 11:05:59 debian sshd[16260]: Failed password for root from 43.255.191.153 port 56309 ssh2
Apr 19 11:06:01 debian sshd[16260]: Failed password for root from 43.255.191.153 port 56309 ssh2
Apr 19 11:06:01 debian sshd[16260]: PAM 2 more authentication failures; logname= uid=0 euid=0 tty=ssh ruser= rhost=43.255.191.153  user=root
Apr 19 11:06:01 debian sshd[16264]: pam_unix(sshd:auth): authentication failure; logname= uid=0 euid=0 tty=ssh ruser= rhost=43.255.191.153  user=root
Apr 19 11:06:03 debian sshd[16264]: Failed password for root from 43.255.191.153 port 46448 ssh2
Apr 19 11:06:05 debian sshd[16264]: Failed password for root from 43.255.191.153 port 46448 ssh2
Apr 19 11:06:07 debian sshd[16264]: Failed password for root from 43.255.191.153 port 46448 ssh2
Apr 19 11:06:07 debian sshd[16264]: PAM 2 more authentication failures; logname= uid=0 euid=0 tty=ssh ruser= rhost=43.255.191.153  user=root
Apr 19 11:06:08 debian sshd[16268]: pam_unix(sshd:auth): authentication failure; logname= uid=0 euid=0 tty=ssh ruser= rhost=43.255.191.153  user=root
Apr 19 11:06:10 debian sshd[16268]: Failed password for root from 43.255.191.153 port 35698 ssh2
Apr 19 11:06:11 debian sshd[16268]: Failed password for root from 43.255.191.153 port 35698 ssh2
Apr 19 11:06:14 debian sshd[16268]: Failed password for root from 43.255.191.153 port 35698 ssh2
Apr 19 11:06:14 debian sshd[16268]: PAM 2 more authentication failures; logname= uid=0 euid=0 tty=ssh ruser= rhost=43.255.191.153  user=root
Apr 19 11:06:14 debian sshd[16272]: pam_unix(sshd:auth): authentication failure; logname= uid=0 euid=0 tty=ssh ruser= rhost=43.255.191.153  user=root
Apr 19 11:06:17 debian sshd[16272]: Failed password for root from 43.255.191.153 port 54127 ssh2
Apr 19 11:06:19 debian sshd[16272]: Failed password for root from 43.255.191.153 port 54127 ssh2
Apr 19 11:06:21 debian sshd[16272]: Failed password for root from 43.255.191.153 port 54127 ssh2
Apr 19 11:06:21 debian sshd[16272]: PAM 2 more authentication failures; logname= uid=0 euid=0 tty=ssh ruser= rhost=43.255.191.153  user=root
Apr 19 11:06:21 debian sshd[16276]: pam_unix(sshd:auth): authentication failure; logname= uid=0 euid=0 tty=ssh ruser= rhost=43.255.191.153  user=root
Apr 19 11:06:23 debian sshd[16276]: Failed password for root from 43.255.191.153 port 45594 ssh2
Apr 19 11:06:26 debian sshd[16276]: Failed password for root from 43.255.191.153 port 45594 ssh2
Apr 19 11:06:28 debian sshd[16276]: Failed password for root from 43.255.191.153 port 45594 ssh2
Apr 19 11:06:28 debian sshd[16276]: PAM 2 more authentication failures; logname= uid=0 euid=0 tty=ssh ruser= rhost=43.255.191.153  user=root
Apr 19 11:06:29 debian sshd[16280]: pam_unix(sshd:auth): authentication failure; logname= uid=0 euid=0 tty=ssh ruser= rhost=43.255.191.153  user=root
Apr 19 11:06:31 debian sshd[16280]: Failed password for root from 43.255.191.153 port 38823 ssh2
Apr 19 11:06:33 debian sshd[16280]: Failed password for root from 43.255.191.153 port 38823 ssh2
Apr 19 11:06:35 debian sshd[16280]: Failed password for root from 43.255.191.153 port 38823 ssh2
